// Vitest Snapshot v1, https://vitest.dev/guide/snapshot.html

exports[`Should render as expected 1`] = `
<div>
  <div
    class="flex flex-col gap-5 md:flex-row md:gap-10"
  >
    <div>
      <h3
        class="ids-heading-4 mb-0"
      >
        Intyg utf√§rdat
      </h3>
      2022-11-10
    </div>
    <div>
      <h3
        class="ids-heading-4 mb-0"
      >
        Avser diagnos
      </h3>
      Downs syndrom
    </div>
    <div>
      <h3
        class="ids-heading-4 mb-0"
      >
        Skrivet av
      </h3>
      Mats Andersson
    </div>
  </div>
</div>
`;
