// Vitest Snapshot v1, https://vitest.dev/guide/snapshot.html

exports[`Should render component 1`] = `
<div>
  <div
    class="ids-badge ids-badge--primary whitespace-nowrap"
  >
    <div
      class="ids-badge__inner"
    >
      Nytt
    </div>
  </div>
</div>
`;
