// Vitest Snapshot v1, https://vitest.dev/guide/snapshot.html

exports[`Should render correctly 1`] = `
<div>
  <footer
    class="ids-footer-1177 print:hidden"
  >
    <div
      class="ids-footer-1177__inner-wrapper"
    >
      <div
        class="ids-footer-1177__inner"
      >
        <div
          class="ids-footer-1177__headline-row"
        >
          <h1
            class="ids-footer-1177__headline"
          >
            1177
            <span
              class="ids-footer-1177__headline--sub"
            >
               - tryggt om din hälsa och vårt
            </span>
          </h1>
        </div>
        <div
          class="ids-footer-1177__content"
        >
          <div
            class="ids-footer-1177__text"
          >
            <p>
              1177 är en tjänst från Sveriges regioner. Vi finns alltid med dig när du vill må bättre.
            </p>
          </div>
          <div
            class="ids-footer-1177__link-col ids-footer-1177__link-col--2 ids-footer-1177__col-size-3"
          >
            <a
              class="ids-link ids-link--color-2 ids-link--block"
              href="https://www.1177.se/e-tjanster-support"
              rel="noreferrer"
              target="_blank"
            >
              <span
                class="ids-icon-arrow-right  ids-icon--text-start"
              />
              Support
              <span
                class="ids-icon-external-link  ids-icon--text-end"
              />
            </a>
            <a
              class="ids-link ids-link--color-2 ids-link--block"
              href="https://www.1177.se/om-1177/1177.se/tillganglighet-pa-1177/tillganglighetsredogorelse-for-e-tjanster-pa-1177.se/"
              rel="noreferrer"
              target="_blank"
            >
              <span
                class="ids-icon-arrow-right  ids-icon--text-start"
              />
              Tillgänglighet
              <span
                class="ids-icon-external-link  ids-icon--text-end"
              />
            </a>
          </div>
          <div
            class="ids-footer-1177__link-col ids-footer-1177__link-col--2 ids-footer-1177__col-size-3"
          >
            <a
              class="ids-link ids-link--color-2 ids-link--block"
              href="https://www.1177.se/e-tjanster"
              rel="noreferrer"
              target="_blank"
            >
              <span
                class="ids-icon-arrow-right  ids-icon--text-start"
              />
              Läs mer om e-tjänster
              <span
                class="ids-icon-external-link  ids-icon--text-end"
              />
            </a>
            <a
              class="ids-link ids-link--color-2 ids-link--block hidden"
              href="https://e-tjanster.1177.se/mvk/sitemap.xhtml"
            >
              <span
                class="ids-icon-arrow-right  ids-icon--text-start"
              />
              Webbkarta
            </a>
          </div>
        </div>
      </div>
    </div>
    <div
      class="ids-footer-1177__sub-footer"
    >
      <div
        class="ids-footer-1177__sub-footer-container"
      >
        <div
          class="ids-footer-1177__sub-footer-row"
        >
          <div
            class="ids-footer-1177__sub-footer-left"
          >
            <p>
              1177 drivs av
               
              <a
                class="ids-link ids-link--color-4 ids-link--light ids-link--small ids-link--underlined"
                href="https://www.inera.se/"
                rel="noreferrer"
                target="_blank"
              >
                Inera AB
                <span
                  class="ids-icon-external-link  ids-icon--text-end"
                />
              </a>
               
              på uppdrag av Sveriges regioner
            </p>
          </div>
          <div
            class="ids-footer-1177__sub-footer-right"
          >
            <a
              class="ids-link ids-link--color-4 ids-link--light ids-link--small"
              href="https://www.1177.se/om-1177/1177.se/hantering-av-personuppgifter-pa-1177.se/"
              rel="noreferrer"
              target="_blank"
            >
              Behandling av personuppgifter
            </a>
            <a
              class="ids-link ids-link--color-4 ids-link--light ids-link--small"
              href="https://www.1177.se/om-1177/1177.se/hantering-av-kakor-cookies-pa-1177.se/"
              rel="noreferrer"
              target="_blank"
            >
              Hantering av kakor
            </a>
          </div>
          <div
            class="ids-footer-1177__mobile-menu"
          >
            <div
              class="ids-mobile-menu"
            >
              <div
                class="ids-mobile-menu-item"
              >
                <div
                  class="ids-mobile-menu-item__inner ids-mobile-menu-item__inner--level-1"
                >
                  <a
                    href="https://www.1177.se/e-tjanster-support"
                    rel="noreferrer"
                    target="_blank"
                  >
                    Support
                    <span
                      class="ids-icon-external-link  ids-icon--text-end"
                    />
                  </a>
                </div>
                <div
                  class="ids-mobile-menu-item__sub-items"
                  id=":r0:"
                />
              </div>
              <div
                class="ids-mobile-menu-item"
              >
                <div
                  class="ids-mobile-menu-item__inner ids-mobile-menu-item__inner--level-1"
                >
                  <a
                    href="https://www.1177.se/om-1177/1177.se/tillganglighet-pa-1177/tillganglighetsredogorelse-for-e-tjanster-pa-1177.se/"
                    rel="noreferrer"
                    target="_blank"
                  >
                    Tillgänglighet
                    <span
                      class="ids-icon-external-link  ids-icon--text-end"
                    />
                  </a>
                </div>
                <div
                  class="ids-mobile-menu-item__sub-items"
                  id=":r1:"
                />
              </div>
              <div
                class="ids-mobile-menu-item"
              >
                <div
                  class="ids-mobile-menu-item__inner ids-mobile-menu-item__inner--level-1"
                >
                  <a
                    href="https://www.1177.se/e-tjanster"
                    rel="noreferrer"
                    target="_blank"
                  >
                    Läs mer om e-tjänster
                    <span
                      class="ids-icon-external-link  ids-icon--text-end"
                    />
                  </a>
                </div>
                <div
                  class="ids-mobile-menu-item__sub-items"
                  id=":r2:"
                />
              </div>
              <div
                class="ids-mobile-menu-item hidden"
              >
                <div
                  class="ids-mobile-menu-item__inner ids-mobile-menu-item__inner--level-1"
                >
                  <a
                    class="hidden"
                    href="https://e-tjanster.1177.se/mvk/sitemap.xhtml"
                  >
                    Webbkarta
                  </a>
                </div>
                <div
                  class="ids-mobile-menu-item__sub-items"
                  id=":r3:"
                />
              </div>
            </div>
          </div>
          <div
            class="ids-footer-1177__mobile-links"
          >
            <a
              class="ids-link ids-link--color-4 ids-link--light ids-link--small"
              href="https://www.1177.se/om-1177/1177.se/hantering-av-personuppgifter-pa-1177.se/"
              rel="noreferrer"
              target="_blank"
            >
              Behandling av personuppgifter
            </a>
            <a
              class="ids-link ids-link--color-4 ids-link--light ids-link--small"
              href="https://www.1177.se/om-1177/1177.se/hantering-av-kakor-cookies-pa-1177.se/"
              rel="noreferrer"
              target="_blank"
            >
              Hantering av kakor
            </a>
          </div>
        </div>
      </div>
      <div
        class="ids-footer-1177__sub-footer-mobile"
      >
        <div
          class="ids-footer-1177__sub-footer-mobile-text"
        >
          <p>
            1177 drivs av
             
            <a
              class="ids-link ids-link--color-4 ids-link--light ids-link--small ids-link--underlined"
              href="html-external-link"
            >
              Inera AB
              <span
                class="ids-icon-external-link  ids-icon--text-end"
              />
            </a>
             
            på uppdrag av Sveriges regioner
          </p>
        </div>
      </div>
    </div>
  </footer>
</div>
`;
