// Vitest Snapshot v1, https://vitest.dev/guide/snapshot.html

exports[`Should render correctly 1`] = `
<div>
  <ids-mobile-menu>
    <ids-mobile-menu-item>
      <a
        class="relative"
        href="https://www.1177.se/e-tjanster-support"
        rel="noreferrer"
        target="_blank"
      >
        Support
        <ids-icon-external
          class="ids-ml-2 relative -bottom-0.5 ids-icon"
        />
      </a>
    </ids-mobile-menu-item>
    <ids-mobile-menu-item>
      <a
        class="relative"
        href="https://www.1177.se/om-1177/1177.se/tillganglighet-pa-1177/tillganglighetsredogorelse-for-e-tjanster-pa-1177.se/"
        rel="noreferrer"
        target="_blank"
      >
        Tillgänglighet
        <ids-icon-external
          class="ids-ml-2 relative -bottom-0.5 ids-icon"
        />
      </a>
    </ids-mobile-menu-item>
    <ids-mobile-menu-item>
      <a
        class="relative"
        href="https://www.1177.se/e-tjanster"
        rel="noreferrer"
        target="_blank"
      >
        Läs mer om e-tjänster
        <ids-icon-external
          class="ids-ml-2 relative -bottom-0.5 ids-icon"
        />
      </a>
    </ids-mobile-menu-item>
  </ids-mobile-menu>
  <span
    slot="sub-footer-links"
  >
    <a
      class="text-white outline-white hover:underline"
      href="https://www.1177.se/om-1177/1177.se/hantering-av-personuppgifter-pa-1177.se/"
      rel="noreferrer"
      target="_blank"
    >
      Behandling av personuppgifter
    </a>
     
    <ids-icon-external
      class="relative -bottom-0.5 ids-icon"
    />
  </span>
  <span
    slot="sub-footer-links"
  >
    <a
      class="text-white outline-white hover:underline"
      href="https://www.1177.se/om-1177/1177.se/hantering-av-kakor-cookies-pa-1177.se/"
      rel="noreferrer"
      target="_blank"
    >
      Hantering av kakor
    </a>
     
    <ids-icon-external
      class="relative -bottom-0.5 ids-icon"
    />
  </span>
</div>
`;
