// Vitest Snapshot v1, https://vitest.dev/guide/snapshot.html

exports[`Should render as expected 1`] = `
<div>
  <details
    class="group mb-5"
    open=""
  >
    <summary
      class="flex cursor-pointer select-none flex-col md:flex-row"
    >
      <div
        class="border-stone-clear grow border-y py-2.5 md:pl-5"
      >
        Headline
      </div>
      <div
        class="border-stone-clear -mt-px flex justify-between gap-5 border-y py-2.5 md:mt-0 md:border-l md:px-5"
      >
        Filtrera lista
        <ids-icon-chevron
          class="h-2.5 w-2.5 rotate-90 self-center group-open:-rotate-90 ids-icon"
        />
      </div>
    </summary>
    <div
      class="border-stone-clear border-b py-5"
    >
      <span>
        Test
      </span>
    </div>
  </details>
</div>
`;
