// Jest Snapshot v1, https://goo.gl/fbAQLP

exports[`UvText Verify snapshot 1`] = `
<div
  className="makeStyles-root-1"
>
  <p
    className="MuiTypography-root makeStyles-uvText-2 MuiTypography-body1"
  >
    Text
  </p>
</div>
`;
