// Vitest Snapshot v1, https://vitest.dev/guide/snapshot.html

exports[`Should render correctly 1`] = `
<div>
  <ids-header
    class="z-40 bg-white print:hidden"
  >
    <ids-header-nav>
      <ids-header-nav-item>
        <a
          href="https://e-tjanster.st.1177.se/mvk/start.xhtml"
        >
          Start
        </a>
      </ids-header-nav-item>
      <ids-header-nav-item>
        <a
          href="https://e-tjanster.st.1177.se/mvk/messageList.xhtml"
        >
          Inkorg
        </a>
      </ids-header-nav-item>
      <ids-header-nav-item>
        <a
          href="https://bokadetider.st.1177.se/"
        >
          Bokade tider
        </a>
      </ids-header-nav-item>
      <ids-header-nav-item>
        <a
          href="https://sit.journalen.inera.se/"
        >
          Journalen
        </a>
      </ids-header-nav-item>
      <ids-header-nav-item>
        <a
          href="https://pep.omniq.se/PEP.Resident/context/"
        >
          Egen provhantering
        </a>
      </ids-header-nav-item>
      <ids-header-nav-item>
        <a
          href="https://st.sob.1177.se/"
        >
          Stöd och behandling
        </a>
      </ids-header-nav-item>
      <ids-header-nav-item>
        <a
          href="/intyg"
        >
          Intyg
        </a>
      </ids-header-nav-item>
      <ids-header-nav-item>
        <a
          href="https://e-tjanster.st.1177.se/mvk/services.xhtml?tab=3"
        >
          Övriga tjänster
        </a>
      </ids-header-nav-item>
      <ids-header-mobile-item>
        <a
          href="https://e-tjanster.st.1177.se/mvk/settings.xhtml"
        >
          Inställningar
        </a>
      </ids-header-mobile-item>
      <ids-header-mobile-item>
        <a
          href="/logga-ut"
          slot="avatar-right"
        >
          Logga ut
        </a>
      </ids-header-mobile-item>
      <ids-header-mobile-menu>
        Meny
        <ids-mobile-menu-item>
          <a
            href="https://e-tjanster.st.1177.se/mvk/start.xhtml"
          >
            Start
          </a>
        </ids-mobile-menu-item>
        <ids-mobile-menu-item>
          <a
            href="https://e-tjanster.st.1177.se/mvk/messageList.xhtml"
          >
            Inkorg
          </a>
        </ids-mobile-menu-item>
        <ids-mobile-menu-item>
          <a
            href="https://bokadetider.st.1177.se/"
          >
            Bokade tider
          </a>
        </ids-mobile-menu-item>
        <ids-mobile-menu-item>
          <a
            href="https://sit.journalen.inera.se/"
          >
            Journalen
          </a>
        </ids-mobile-menu-item>
        <ids-mobile-menu-item>
          <a
            href="https://pep.omniq.se/PEP.Resident/context/"
          >
            Egen provhantering
          </a>
        </ids-mobile-menu-item>
        <ids-mobile-menu-item>
          <a
            href="https://st.sob.1177.se/"
          >
            Stöd och behandling
          </a>
        </ids-mobile-menu-item>
        <ids-mobile-menu-item>
          <a
            href="/intyg"
          >
            Intyg
          </a>
        </ids-mobile-menu-item>
        <ids-mobile-menu-item>
          <a
            href="https://e-tjanster.st.1177.se/mvk/services.xhtml?tab=3"
          >
            Övriga tjänster
          </a>
        </ids-mobile-menu-item>
      </ids-header-mobile-menu>
    </ids-header-nav>
  </ids-header>
</div>
`;
